../Core/Src/stm32f1xx_it.c:85:6:NMI_Handler	4	static
../Core/Src/stm32f1xx_it.c:100:6:HardFault_Handler	4	static
../Core/Src/stm32f1xx_it.c:115:6:MemManage_Handler	4	static
../Core/Src/stm32f1xx_it.c:130:6:BusFault_Handler	4	static
../Core/Src/stm32f1xx_it.c:145:6:UsageFault_Handler	4	static
../Core/Src/stm32f1xx_it.c:160:6:SVC_Handler	4	static
../Core/Src/stm32f1xx_it.c:173:6:DebugMon_Handler	4	static
../Core/Src/stm32f1xx_it.c:186:6:PendSV_Handler	4	static
../Core/Src/stm32f1xx_it.c:199:6:SysTick_Handler	8	static
../Core/Src/stm32f1xx_it.c:223:6:USB_LP_CAN1_RX0_IRQHandler	8	static
../Core/Src/stm32f1xx_it.c:237:6:TIM1_UP_IRQHandler	8	static
../Core/Src/stm32f1xx_it.c:252:6:TIM3_IRQHandler	16	static
../Core/Src/stm32f1xx_it.c:275:6:TIM4_IRQHandler	8	static
